> Task :compileJava UP-TO-DATE
> Task :processResources UP-TO-DATE
> Task :classes UP-TO-DATE
> Task :compileTestJava UP-TO-DATE
> Task :processTestResources UP-TO-DATE
> Task :testClasses UP-TO-DATE

> Task :test FAILED

VerdictEngineTest > testMandatoryDryRun() FAILED
    org.opentest4j.AssertionFailedError at VerdictEngineTest.java:61

[Incubating] Problems report is available at: file:///C:/Development/Owner/home-repair/build/reports/problems/problems-report.html
./gradlew : 
위치 줄:1 문자:1
+ ./gradlew test --tests com.l
ivingcostcheck.home_repair.ser
vice.Verdic ...
+ ~~~~~~~~~~~~~~~~~~~~~~~~~~~~
~~~~~~~~~~~~~~~~~~~~~~~~~~~~~~
~~~~~~~~~~~
    + CategoryInfo          : 
    NotSpecified: (:String)   
  [], RemoteException
    + FullyQualifiedErrorId : 
    NativeCommandError
 
1 test completed, 1 failed

FAILURE: Build failed with an 
exception.

* What went wrong:
Execution failed for task ':te
st'.
> There were failing tests. Se
e the report at: file:///C:/De
velopment/Owner/home-repair/bu
ild/reports/tests/test/index.h
tml

* Try:
> Run with --scan to get full 
insights.

Deprecated Gradle features were used in this build, making it incompatible with Gradle 9.0.

You can use '--warning-mode all' to show the individual deprecation warnings and determine if they come from your own scripts or plugins.

For more on this, please refer to https://docs.gradle.org/8.14.3/userguide/command_line_interface.html#sec:command_line_warnings in the Gradle documentation.

BUILD FAILED in 3s
5 actionable tasks: 1 executed, 4 up-to-date
