./gradlew : C:\Development\Owner\home-repai
r\build\generated-sources\jte\gg\jte\genera
ted\precompiled\pages\JteresultGenerated.ja
va:147: error: no suitable method found for
 writeUserContent(Date)
위치 줄:1 문자:1
+ ./gradlew clean compileJava --quiet > bui
ld_errors.txt 2>&1
+ ~~~~~~~~~~~~~~~~~~~~~~~~~~~~~~~~~~~~~~~~~
~~~~~~~~~~~~~~~~~~
    + CategoryInfo          : NotSpecified 
   : (C:\Development\...erContent(Date):S  
  tring) [], RemoteException
    + FullyQualifiedErrorId : NativeComman 
   dError
 
		jteOutput.writeUserContent(new java.util.
Date());
		         ^
    method TemplateOutput.writeUserContent(
String) is not applicable
      (argument mismatch; Date cannot be co
nverted to String)
    method TemplateOutput.writeUserContent(
Enum<?>) is not applicable
      (argument mismatch; Date cannot be co
nverted to Enum<?>)
    method TemplateOutput.writeUserContent(
Content) is not applicable
      (argument mismatch; Date cannot be co
nverted to Content)
    method TemplateOutput.writeUserContent(
boolean) is not applicable
      (argument mismatch; Date cannot be co
nverted to boolean)
    method TemplateOutput.writeUserContent(
byte) is not applicable
      (argument mismatch; Date cannot be co
nverted to byte)
    method TemplateOutput.writeUserContent(
short) is not applicable
      (argument mismatch; Date cannot be co
nverted to short)
    method TemplateOutput.writeUserContent(
int) is not applicable
      (argument mismatch; Date cannot be co
nverted to int)
    method TemplateOutput.writeUserContent(
long) is not applicable
      (argument mismatch; Date cannot be co
nverted to long)
    method TemplateOutput.writeUserContent(
float) is not applicable
      (argument mismatch; Date cannot be co
nverted to float)
    method TemplateOutput.writeUserContent(
double) is not applicable
      (argument mismatch; Date cannot be co
nverted to double)
    method TemplateOutput.writeUserContent(
char) is not applicable
      (argument mismatch; Date cannot be co
nverted to char)
    method TemplateOutput.writeUserContent(
Boolean) is not applicable
      (argument mismatch; Date cannot be co
nverted to Boolean)
    method TemplateOutput.writeUserContent(
Number) is not applicable
      (argument mismatch; Date cannot be co
nverted to Number)
    method TemplateOutput.writeUserContent(
Character) is not applicable
      (argument mismatch; Date cannot be co
nverted to Character)
Note: Some input files use or override a de
precated API.
Note: Recompile with -Xlint:deprecation for
 details.
Note: Some input files use unchecked or uns
afe operations.
Note: Recompile with -Xlint:unchecked for d
etails.
1 error

FAILURE: Build failed with an exception.

* What went wrong:
Execution failed for task ':compileJava'.
> Compilation failed; see the compiler outp
ut below.
  C:\Development\Owner\home-repair\build\ge
nerated-sources\jte\gg\jte\generated\precom
piled\pages\JteresultGenerated.java:147: er
ror: no suitable method found for writeUser
Content(Date)
  		jteOutput.writeUserContent(new java.uti
l.Date());
  		         ^
      method TemplateOutput.writeUserConten
t(String) is not applicable
        (argument mismatch; Date cannot be 
converted to String)
      method TemplateOutput.writeUserConten
t(Enum<?>) is not applicable
        (argument mismatch; Date cannot be 
converted to Enum<?>)
      method TemplateOutput.writeUserConten
t(Content) is not applicable
        (argument mismatch; Date cannot be 
converted to Content)
      method TemplateOutput.writeUserConten
t(boolean) is not applicable
        (argument mismatch; Date cannot be 
converted to boolean)
      method TemplateOutput.writeUserConten
t(byte) is not applicable
        (argument mismatch; Date cannot be 
converted to byte)
      method TemplateOutput.writeUserConten
t(short) is not applicable
        (argument mismatch; Date cannot be 
converted to short)
      method TemplateOutput.writeUserConten
t(int) is not applicable
        (argument mismatch; Date cannot be 
converted to int)
      method TemplateOutput.writeUserConten
t(long) is not applicable
        (argument mismatch; Date cannot be 
converted to long)
      method TemplateOutput.writeUserConten
t(float) is not applicable
        (argument mismatch; Date cannot be 
converted to float)
      method TemplateOutput.writeUserConten
t(double) is not applicable
        (argument mismatch; Date cannot be 
converted to double)
      method TemplateOutput.writeUserConten
t(char) is not applicable
        (argument mismatch; Date cannot be 
converted to char)
      method TemplateOutput.writeUserConten
t(Boolean) is not applicable
        (argument mismatch; Date cannot be 
converted to Boolean)
      method TemplateOutput.writeUserConten
t(Number) is not applicable
        (argument mismatch; Date cannot be 
converted to Number)
      method TemplateOutput.writeUserConten
t(Character) is not applicable
        (argument mismatch; Date cannot be 
converted to Character)
  1 error

* Try:
> Check your code and dependencies to fix t
he compilation error(s)
> Run with --scan to get full insights.

BUILD FAILED in 9s
