> Task :generateJte UP-TO-DATE
> Task :compileJava UP-TO-DATE
> Task :processResources UP-TO-DATE
> Task :classes UP-TO-DATE
> Task :compileTestJava UP-TO-DATE
> Task :precompileJte SKIPPED
> Task :processTestResources UP-TO-DATE
> Task :testClasses UP-TO-DATE

> Task :test FAILED

VerdictEngineTest > testMandatoryDryRun() STANDARD_OUT
    16:20:45.209 [Test worker] INFO com.livingcostcheck.home_repair.service.VerdictEngineService -- VerdictEngine Data Loaded Successfully.
    DEBUG: relationship=LIVING
    DEBUG: history=[ROOFING]
    DEBUG: condition=NONE
    16:20:45.219 [Test worker] INFO com.livingcostcheck.home_repair.service.VerdictEngineService -- SAFETY_FLIP Eligibility | era=1980_1995 metro=AUSTIN_ROUND_ROCK_TX eligible=true missing=[]
    16:20:45.222 [Test worker] INFO com.livingcostcheck.home_repair.service.VerdictEngineService -- Strategy Selected | chosen=STANDARD_LIVING era=1980_1995 metro=AUSTIN_ROUND_ROCK_TX relationship=LIVING
    Verdict Tier: HIGH_FINANCIAL_RISK
    Headline: Budget insufficient for required safety repairs at 2026 rates. Significant financial exposure.
    Must Do: [VerdictDTOs.RiskAdjustedItem(itemCode=DECK_TREX_COMPOSITE, prettyName=Premium composite decking, including substructure, category=COSMETIC, adjustedCost=78965.0, riskFlags=[], mandatory=true, explanation=[FINANCIAL RISK PROMOTION] High liability detected ($78,965). , compoundingBadge=null, isForensicConfirmed=false, isCodeMandated=false), VerdictDTOs.RiskAdjustedItem(itemCode=PLUMBING_WHOLE_HOUSE_REPIPE, prettyName=Replace old galvanized/poly-B with PEX-B, category=MECHANICAL, adjustedCost=64590.499999999985, riskFlags=[ERA_RISK: POLYBUTYLENE_PLUMBING, ERA_LABOR_ADJUSTMENT: 3.0x], mandatory=true, explanation=[FINANCIAL RISK PROMOTION] High liability detected ($64,590). Polybutylene is a gray plastic pipe material widely used in homes built between 1978-1995 because it was inexpensive and easy to install. It was later found to degrade when exposed to chlorine in treated tap water. Pipe failure releases water inside walls, damaging drywall and insulation. Water spreads to flooring and lower levels, potentially leading to mold growth and structural damage. This system is a primary target during inspections and often excludes properties from standard insurance water damage coverage. , compoundingBadge=null, isForensicConfirmed=false, isCodeMandated=false), VerdictDTOs.RiskAdjustedItem(itemCode=SIDING_FIBER_CEMENT_HARDIE, prettyName=Premium James Hardie or similar fiber cement, category=COSMETIC, adjustedCost=58161.86999999998, riskFlags=[ERA_RISK: LP_INNER_SEAL_SIDING, ERA_LABOR_ADJUSTMENT: 2.5x], mandatory=true, explanation=[FINANCIAL RISK PROMOTION] High liability detected ($58,162). Louisiana-Pacific Inner-Seal siding was a wood composite product installed during the 1980s-1990s. Manufacturing defects allowed water penetration, causing the material to swell, rot, and delaminate prematurely. Water infiltration behind failed siding rots the underlying wall structure and insulation. Extensive damage often goes unnoticed until siding falls away from the building. , compoundingBadge=null, isForensicConfirmed=false, isCodeMandated=false), VerdictDTOs.RiskAdjustedItem(itemCode=INTERIOR_DRYWALL_FINISH, prettyName=Standard 1/2 inch gypsum drywall, taped and finished, category=COSMETIC, adjustedCost=40346.39583333333, riskFlags=[], mandatory=true, explanation=[FINANCIAL RISK PROMOTION] High liability detected ($40,346). , compoundingBadge=null, isForensicConfirmed=false, isCodeMandated=false), VerdictDTOs.RiskAdjustedItem(itemCode=BATHROOM_FULL_REMODEL_MID, prettyName=Standard 5x7 guest bath, mid-grade fixtures, category=COSMETIC, adjustedCost=29537.0, riskFlags=[], mandatory=true, explanation=[FINANCIAL RISK PROMOTION] High liability detected ($29,537). , compoundingBadge=null, isForensicConfirmed=false, isCodeMandated=false), VerdictDTOs.RiskAdjustedItem(itemCode=SIDING_VINYL_STANDARD, prettyName=Standard grade vinyl siding replacement, category=COSMETIC, adjustedCost=25983.149999999994, riskFlags=[ERA_RISK: LP_INNER_SEAL_SIDING, ERA_LABOR_ADJUSTMENT: 2.5x], mandatory=true, explanation=[FINANCIAL RISK PROMOTION] High liability detected ($25,983). Louisiana-Pacific Inner-Seal siding was a wood composite product installed during the 1980s-1990s. Manufacturing defects allowed water penetration, causing the material to swell, rot, and delaminate prematurely. Water infiltration behind failed siding rots the underlying wall structure and insulation. Extensive damage often goes unnoticed until siding falls away from the building. , compoundingBadge=null, isForensicConfirmed=false, isCodeMandated=false), VerdictDTOs.RiskAdjustedItem(itemCode=HVAC_HEAT_PUMP_CENTRAL, prettyName=High-efficiency electric heat pump system (15 SEER2+), category=SAFETY, adjustedCost=11263.0, riskFlags=[AGE_MANDATORY: > 18 years], mandatory=true, explanation= **System Lifecycle Alert**: At 46 years, this system exceeds standard safety limits (18 years) and requires replacement. , compoundingBadge=null, isForensicConfirmed=false, isCodeMandated=false), VerdictDTOs.RiskAdjustedItem(itemCode=ELECTRICAL_PANEL_UPGRADE, prettyName=Upgrade from 100A to 200A service panel, category=SAFETY, adjustedCost=3200.2, riskFlags=[AGE_MANDATORY: > 40 years], mandatory=true, explanation= **System Lifecycle Alert**: At 46 years, this system exceeds standard safety limits (40 years) and requires replacement. , compoundingBadge=null, isForensicConfirmed=false, isCodeMandated=false)]
    Should Do: [VerdictDTOs.RiskAdjustedItem(itemCode=FLOORING_LUXURY_VINYL_PLANK, prettyName=LVP (Waterproof), 20mil wear layer, category=COSMETIC, adjustedCost=21189.204166666666, riskFlags=[], mandatory=false, explanation=, compoundingBadge=null, isForensicConfirmed=false, isCodeMandated=false), VerdictDTOs.RiskAdjustedItem(itemCode=INTERIOR_PAINTING_WALLS, prettyName=2 coats eggshell/satin finish, minor prep, category=COSMETIC, adjustedCost=20222.583333333332, riskFlags=[], mandatory=false, explanation=, compoundingBadge=null, isForensicConfirmed=false, isCodeMandated=false), VerdictDTOs.RiskAdjustedItem(itemCode=KITCHEN_CABINETS_STOCK, prettyName=Pre-fabricated stock cabinets (MDF/Plywood), category=COSMETIC, adjustedCost=13690.625, riskFlags=[], mandatory=false, explanation=, compoundingBadge=null, isForensicConfirmed=false, isCodeMandated=false), VerdictDTOs.RiskAdjustedItem(itemCode=WINDOW_VINYL_REPLACEMENT, prettyName=Double-pane, argon-filled standard vinyl window, category=COSMETIC, adjustedCost=11933.6, riskFlags=[], mandatory=false, explanation=, compoundingBadge=null, isForensicConfirmed=false, isCodeMandated=false), VerdictDTOs.RiskAdjustedItem(itemCode=EXTERIOR_PAINT_WHOLE_HOUSE, prettyName=Standard 2-coat exterior painting, category=COSMETIC, adjustedCost=9984.399999999998, riskFlags=[], mandatory=false, explanation=, compoundingBadge=null, isForensicConfirmed=false, isCodeMandated=false), VerdictDTOs.RiskAdjustedItem(itemCode=GUTTER_ALUMINUM_SEAMLESS, prettyName=6-inch K-style seamless aluminum gutters, category=COSMETIC, adjustedCost=4453.345586416537, riskFlags=[], mandatory=false, explanation=, compoundingBadge=null, isForensicConfirmed=false, isCodeMandated=false), VerdictDTOs.RiskAdjustedItem(itemCode=WATER_HEATER_TANKLESS_GAS, prettyName=High-flow tankless gas water heater, category=COSMETIC, adjustedCost=3571.5, riskFlags=[], mandatory=false, explanation=, compoundingBadge=null, isForensicConfirmed=false, isCodeMandated=false), VerdictDTOs.RiskAdjustedItem(itemCode=LANDSCAPING_MAINTENANCE_BASIC, prettyName=Mowing, edging, and basic cleanup, category=COSMETIC, adjustedCost=637.6925505050506, riskFlags=[], mandatory=false, explanation=, compoundingBadge=null, isForensicConfirmed=false, isCodeMandated=false)]

VerdictEngineTest > testMandatoryDryRun() FAILED
    org.opentest4j.AssertionFailedError: Verdict should be LOW_RISK as $100k covers critical repairs ==> expected: <LOW_RISK> but was: <HIGH_FINANCIAL_RISK>
        at app//org.junit.jupiter.api.AssertionFailureBuilder.build(AssertionFailureBuilder.java:151)
        at app//org.junit.jupiter.api.AssertionFailureBuilder.buildAndThrow(AssertionFailureBuilder.java:132)
        at app//org.junit.jupiter.api.AssertEquals.failNotEqual(AssertEquals.java:197)
        at app//org.junit.jupiter.api.AssertEquals.assertEquals(AssertEquals.java:182)
        at app//org.junit.jupiter.api.Assertions.assertEquals(Assertions.java:1156)
        at app//com.livingcostcheck.home_repair.service.VerdictEngineTest.testMandatoryDryRun(VerdictEngineTest.java:66)
.\gradlew.bat : 
위치 줄:1 문자:1
+ .\gradlew.bat test --tests VerdictEngineTest.testMandatoryDryR
un 2>&1 ...
+ ~~~~~~~~~~~~~~~~~~~~~~~~~~~~~~~~~~~~~~~~~~~~~~~~~~~~~~~~~~~~~~
~~~~~~~
    + CategoryInfo          : NotSpecified: (:String) [], Remot 
   eException
    + FullyQualifiedErrorId : NativeCommandError
 
1 test completed, 1 failed

[Incubating] Problems report is available at: file:///C:/Development/Owner/home-repair/build/reports/problems/problems-report.html

FAILURE: Build failed with an exception.

* What went wrong:
Execution failed for task ':test'.
> There were failing tests. See the report at: file:///C:/Develo
pment/Owner/home-repair/build/reports/tests/test/index.html

* Try:
> Run with --scan to get full insights.

Deprecated Gradle features were used in this build, making it incompatible with Gradle 9.0.

You can use '--warning-mode all' to show the individual deprecation warnings and determine if they come from your own scripts or plugins.

For more on this, please refer to https://docs.gradle.org/8.14.3/userguide/command_line_interface.html#sec:command_line_warnings in the Gradle documentation.

BUILD FAILED in 3s
6 actionable tasks: 1 executed, 5 up-to-date
